[eval]:6
          '  | gate='+a.gate_worst_slice_ms+'  [load 7.88 chrome 11] '+ (( 1788836485 - t0 ))+'s');
                                                                                        ^

ReferenceError: t0 is not defined
    at [eval]:6:89
    at runScriptInThisContext (node:internal/vm:209:10)
    at node:internal/process/execution:446:12
    at [eval]-wrapper:6:24
    at runScriptInContext (node:internal/process/execution:444:60)
    at evalFunction (node:internal/process/execution:279:30)
    at evalTypeScript (node:internal/process/execution:291:3)
    at node:internal/main/eval_string:74:3

Node.js v22.22.2
[eval]:6
          '  | gate='+a.gate_worst_slice_ms+'  [load 6.99 chrome 14] '+ (( 1788836881 - t0 ))+'s');
                                                                                        ^

ReferenceError: t0 is not defined
    at [eval]:6:89
    at runScriptInThisContext (node:internal/vm:209:10)
    at node:internal/process/execution:446:12
    at [eval]-wrapper:6:24
    at runScriptInContext (node:internal/process/execution:444:60)
    at evalFunction (node:internal/process/execution:279:30)
    at evalTypeScript (node:internal/process/execution:291:3)
    at node:internal/main/eval_string:74:3

Node.js v22.22.2
