{
  "mode": "with 30 stub vehicles",
  "laps_completed": 0,
  "route_length_m": 2654,
  "frames_sampled": 29,
  "route_duration_s": 30.1,
  "distance_driven_m": 817,
  "draw_calls": {
    "min": 182,
    "p50": 219,
    "p95": 241,
    "max": 246
  },
  "triangles": {
    "min": 677452,
    "p50": 745090,
    "p95": 824504,
    "max": 834153
  },
  "chunks_loaded": {
    "min": 64,
    "p50": 83,
    "p95": 89,
    "max": 89
  },
  "lod_near": {
    "min": 15,
    "p50": 16,
    "p95": 16,
    "max": 18
  },
  "lod_far": {
    "min": 49,
    "p50": 67,
    "p95": 73,
    "max": 73
  },
  "chunk_loads_total": 47,
  "chunk_unloads_total": 24,
  "chunk_loads_per_s": 1.56,
  "chunk_unloads_per_s": 0.8,
  "lod_swaps_total": 51,
  "worst_chunk_build_ms": 109.4,
  "worst_chunk_total_ms": 126,
  "heap_mb_before": 80,
  "heap_mb_after": 74,
  "heap_growth_mb": -6,
  "speed_kmh": {
    "min": 12.5,
    "p50": 110.9,
    "p95": 129.7,
    "max": 132.5
  },
  "traffic": {
    "fleet": 30,
    "alive": 30,
    "spawns": 80,
    "despawns": 50,
    "deadEnds": 0,
    "uTurns": 0,
    "orphaned": 35,
    "maxSimultaneousOrphans": 14,
    "worstOrphanS": 1.5,
    "overlapFrames": 1,
    "frames": 683,
    "junctionWaitCarFrames": 322,
    "followBrakeCarFrames": 1358,
    "stoppedCarFrames": 154,
    "entryBlockedCarFrames": 0,
    "carFrames": 20489,
    "overlapNearJunction": 1,
    "overlapSameEdge": 0,
    "overlapCrossEdge": 0,
    "overlapPairFrames": 1,
    "overlapCarFrames": 2,
    "overlapPairsNearJunction": 1,
    "overlapPairsMidBlock": 0,
    "waitEpisodes": 11,
    "waitSumS": 15.367400000000258,
    "waitMaxS": 2.6499999999999986,
    "conflictDenials": 322,
    "queueDenials": 0,
    "boxDenials": 0,
    "replans": 0,
    "gridlockRecoveries": 0,
    "gridlockByReason": {
      "conflict": 0,
      "queue": 0,
      "box": 0,
      "none": 0
    },
    "maxActiveInAJunction": 2,
    "closestApproachM": 2.26,
    "overlapPctOfFrames": 0.1,
    "junctionWaitPctOfCarFrames": 1.6,
    "followBrakePctOfCarFrames": 6.6,
    "stoppedPctOfCarFrames": 0.8,
    "meanSpeedKmh": 35,
    "junctionsHeld": 24,
    "activeMovements": 24,
    "queuedCars": 0,
    "busiestJunction": 1,
    "overlapCarPctOfCarFrames": 0.01,
    "overlapPairsPerFrame": 0.001,
    "closestPairHistogram": [
      0,
      0,
      2,
      2,
      35,
      31,
      39,
      28,
      69,
      477
    ],
    "drawCalls": 1
  },
  "errors": [
    "Failed to load resource: the server responded with a status of 404 (Not Found)"
  ],
  "budget_gate": {
    "status": "FAIL",
    "rows": [
      {
        "name": "draw calls",
        "value": 241,
        "warn": 275,
        "fail": 440,
        "status": "PASS",
        "advisory": false
      },
      {
        "name": "triangles",
        "value": 824504,
        "warn": 830000,
        "fail": 1850000,
        "status": "PASS",
        "advisory": false
      },
      {
        "name": "chunk stall ms",
        "value": 109.4,
        "warn": 8,
        "fail": 16,
        "status": "FAIL",
        "advisory": false
      },
      {
        "name": "heap growth MB",
        "value": -6,
        "warn": 40,
        "fail": 120,
        "status": "PASS",
        "advisory": false
      }
    ],
    "advisory": [],
    "headroom": [
      {
        "name": "draw calls",
        "value": 241,
        "failAt": 440,
        "advisory": false,
        "headroomPct": 45.2
      },
      {
        "name": "triangles",
        "value": 824504,
        "failAt": 1850000,
        "advisory": false,
        "headroomPct": 55.4
      },
      {
        "name": "chunk stall ms",
        "value": 109.4,
        "failAt": 16,
        "advisory": false,
        "headroomPct": -583.8
      },
      {
        "name": "heap growth MB",
        "value": -6,
        "failAt": 120,
        "advisory": false,
        "headroomPct": 105
      }
    ]
  }
}

BUDGET GATE: FAIL
  PASS                         draw calls             241  warn 275  fail 440  headroom 45.2%
  PASS                         triangles           824504  warn 830000  fail 1850000  headroom 55.4%
  FAIL                         chunk stall ms       109.4  warn 8  fail 16  headroom -583.8%
  PASS                         heap growth MB          -6  warn 40  fail 120  headroom 105.0%
