{
  "slices_recorded": 89,
  "slices_total": 660,
  "idle_slices": 571,
  "dropped_rows": 0,
  "steps_recorded": 605,
  "slice_ms": {
    "p50": 3.7,
    "p95": 8,
    "max": 13.4
  },
  "total_ms": {
    "slice": 380.2,
    "scan": 3.6,
    "dispose": 15.8,
    "step": 354.1,
    "unattributed": 6.7
  },
  "share_pct": {
    "scan": 0.9,
    "dispose": 4.2,
    "step": 93.1,
    "unattributed": 1.8
  },
  "worst_step": {
    "kind": "append:near",
    "ms": 11.7,
    "chunk": "-1,0"
  },
  "gate_worst_slice_ms": 13.4,
  "gate_worst_build_ms": 28.9,
  "gate_worst_dispose_ms": 4.3,
  "gate_worst_scan_ms": 1.4,
  "ledger_vs_gate_ms": 0,
  "laps": 0,
  "query": "frontage=lazy",
  "traffic": true,
  "errors": []
}

--- per kind (sorted by max) ---
  append:near            n=   70  sum=   198.4  p50=    2.7  p95=      8  max=   11.7  @-1,0
  far-road               n=   70  sum=    35.9  p50=    0.2  p95=    3.1  max=    6.7  @-5,-1
  facade:bayTower        n=    6  sum=     8.5  p50=    0.7  p95=    5.8  max=    5.8  @0,-2
  trim                   n=   27  sum=    37.3  p50=    0.8  p95=    4.9  max=    5.5  @1,1
  far                    n=   70  sum=     8.8  p50=      0  p95=    0.2  max=    4.4  @4,2
  facade:midOffice       n=   22  sum=    14.8  p50=    0.4  p95=    2.5  max=      4  @0,-2
  road                   n=   27  sum=     9.6  p50=    0.2  p95=    0.7  max=    3.5  @-1,-2
  append:far             n=   81  sum=    15.8  p50=      0  p95=    1.2  max=    3.5  @5,3
  kerb                   n=   27  sum=     8.5  p50=    0.1  p95=    1.1  max=    1.6  @3,-2
  facade:deco            n=   10  sum=     2.3  p50=    0.1  p95=    1.2  max=    1.2  @-1,-1
  facade:retailStrip     n=   17  sum=     3.2  p50=    0.1  p95=    1.1  max=    1.1  @0,-2
  zone-tri               n=  108  sum=     5.9  p50=      0  p95=    0.3  max=    0.9  @3,0
  facade:stuccoHouse     n=    1  sum=     0.7  p50=    0.7  p95=    0.7  max=    0.7  @2,-2
  zone:parkingLot        n=   54  sum=     2.7  p50=      0  p95=    0.2  max=    0.5  @0,0
  facade:warehouse       n=    1  sum=     0.5  p50=    0.5  p95=    0.5  max=    0.5  @3,0
  facade:parking         n=    4  sum=       1  p50=    0.3  p95=    0.3  max=    0.3  @-1,-1
  zone:grass             n=    9  sum=     0.2  p50=      0  p95=    0.1  max=    0.1  @2,3
  zone:concrete          n=    1  sum=       0  p50=      0  p95=      0  max=      0  @null

--- worst slices ---
  13.4 ms  scan 1.4  dispose 0.2  steps 11.7 (1)  unattributed 0.1
      append:near            11.7 ms  @-1,0 lod0
  11.6 ms  scan 0.4  dispose 0  steps 11.2 (1)  unattributed 0
      append:near            11.2 ms  @0,0 lod0
  9.6 ms  scan 0.3  dispose 0.1  steps 9 (6)  unattributed 0.2
      append:near            8.6 ms  @1,-1 lod0
      append:far             0.1 ms  @-3,-1 lod1
      far                    0.1 ms  @-3,-1 lod1
      far-road               0.1 ms  @-3,-1 lod1
      zone:parkingLot        0.1 ms  @-3,-1 lod1
      zone-tri               0 ms  @-3,-1 lod1
  9.4 ms  scan 0  dispose 0.4  steps 7.9 (10)  unattributed 1.1
      far-road               6.7 ms  @-5,-1 lod1
      kerb                   0.5 ms  @-1,-2 lod0
      far-road               0.3 ms  @-5,0 lod1
      zone-tri               0.3 ms  @-5,-1 lod1
      append:far             0.1 ms  @-5,0 lod1
      zone:parkingLot        0 ms  @-1,-2 lod0
  8 ms  scan 0  dispose 0  steps 8 (1)  unattributed 0
      append:near            8 ms  @1,-1 lod0
  7.7 ms  scan 0  dispose 0.1  steps 7.6 (4)  unattributed 0
      append:near            6.5 ms  @0,-1 lod0
      zone:parkingLot        0.5 ms  @0,0 lod0
      road                   0.3 ms  @0,0 lod0
      kerb                   0.3 ms  @0,0 lod0
  7.1 ms  scan 0  dispose 4.3  steps 2.6 (10)  unattributed 0.2
      append:near            1.3 ms  @4,-1 lod0
      trim                   0.8 ms  @4,-1 lod0
      zone-tri               0.1 ms  @4,-1 lod0
      facade:deco            0.1 ms  @4,-1 lod0
      facade:retailStrip     0.1 ms  @4,-1 lod0
      road                   0.1 ms  @4,-1 lod0
  7 ms  scan 0  dispose 0  steps 7 (6)  unattributed 0
      trim                   5.5 ms  @1,1 lod0
      append:near            0.6 ms  @1,1 lod0
      facade:midOffice       0.5 ms  @1,1 lod0
      facade:retailStrip     0.2 ms  @1,1 lod0
      zone-tri               0.1 ms  @1,1 lod0
      facade:deco            0.1 ms  @1,1 lod0

written docs/steps/before-r1.json
