{
  "mode": "with 30 stub vehicles",
  "laps_completed": 0,
  "route_length_m": 2654,
  "frames_sampled": 34,
  "route_duration_s": 35.2,
  "distance_driven_m": 1013,
  "draw_calls": {
    "min": 158,
    "p50": 219,
    "p95": 241,
    "max": 246
  },
  "triangles": {
    "min": 662452,
    "p50": 744044,
    "p95": 825129,
    "max": 833528
  },
  "chunks_loaded": {
    "min": 64,
    "p50": 81,
    "p95": 89,
    "max": 89
  },
  "lod_near": {
    "min": 15,
    "p50": 16,
    "p95": 16,
    "max": 19
  },
  "lod_far": {
    "min": 49,
    "p50": 66,
    "p95": 73,
    "max": 73
  },
  "chunk_loads_total": 47,
  "chunk_unloads_total": 41,
  "chunk_loads_per_s": 1.34,
  "chunk_unloads_per_s": 1.17,
  "lod_swaps_total": 70,
  "worst_chunk_build_ms": 8.5,
  "worst_chunk_total_ms": 32.8,
  "heap_mb_before": 85,
  "heap_mb_after": 73,
  "heap_growth_mb": -12,
  "speed_kmh": {
    "min": 12.5,
    "p50": 114.6,
    "p95": 139.4,
    "max": 140.5
  },
  "traffic": {
    "fleet": 30,
    "alive": 30,
    "spawns": 86,
    "despawns": 56,
    "deadEnds": 1,
    "uTurns": 1,
    "orphaned": 38,
    "maxSimultaneousOrphans": 10,
    "worstOrphanS": 1.45,
    "overlapFrames": 0,
    "frames": 793,
    "junctionWaitCarFrames": 753,
    "followBrakeCarFrames": 1001,
    "stoppedCarFrames": 322,
    "entryBlockedCarFrames": 0,
    "carFrames": 23789,
    "overlapNearJunction": 0,
    "overlapSameEdge": 0,
    "overlapCrossEdge": 0,
    "overlapPairFrames": 0,
    "overlapCarFrames": 0,
    "overlapPairsNearJunction": 0,
    "overlapPairsMidBlock": 0,
    "waitEpisodes": 18,
    "waitSumS": 35.647999999999755,
    "waitMaxS": 7.199999999999982,
    "conflictDenials": 690,
    "queueDenials": 63,
    "boxDenials": 0,
    "replans": 1,
    "gridlockRecoveries": 0,
    "gridlockByReason": {
      "conflict": 0,
      "queue": 0,
      "box": 0,
      "none": 0
    },
    "maxActiveInAJunction": 2,
    "closestApproachM": 3.23,
    "overlapPctOfFrames": 0,
    "junctionWaitPctOfCarFrames": 3.2,
    "followBrakePctOfCarFrames": 4.2,
    "stoppedPctOfCarFrames": 1.4,
    "meanSpeedKmh": 35.9,
    "junctionsHeld": 24,
    "activeMovements": 24,
    "queuedCars": 1,
    "busiestJunction": 2,
    "overlapCarPctOfCarFrames": 0,
    "overlapPairsPerFrame": 0,
    "closestPairHistogram": [
      0,
      0,
      0,
      73,
      85,
      70,
      100,
      77,
      51,
      337
    ],
    "drawCalls": 1
  },
  "errors": [
    "Failed to load resource: the server responded with a status of 404 (Not Found)"
  ],
  "budget_gate": {
    "status": "WARN",
    "rows": [
      {
        "name": "draw calls",
        "value": 241,
        "warn": 275,
        "fail": 440,
        "status": "PASS",
        "advisory": false
      },
      {
        "name": "triangles",
        "value": 825129,
        "warn": 830000,
        "fail": 1850000,
        "status": "PASS",
        "advisory": false
      },
      {
        "name": "chunk stall ms",
        "value": 8.5,
        "warn": 8,
        "fail": 16,
        "status": "WARN",
        "advisory": false
      },
      {
        "name": "heap growth MB",
        "value": -12,
        "warn": 40,
        "fail": 120,
        "status": "PASS",
        "advisory": false
      }
    ],
    "advisory": [],
    "headroom": [
      {
        "name": "draw calls",
        "value": 241,
        "failAt": 440,
        "advisory": false,
        "headroomPct": 45.2
      },
      {
        "name": "triangles",
        "value": 825129,
        "failAt": 1850000,
        "advisory": false,
        "headroomPct": 55.4
      },
      {
        "name": "chunk stall ms",
        "value": 8.5,
        "failAt": 16,
        "advisory": false,
        "headroomPct": 46.9
      },
      {
        "name": "heap growth MB",
        "value": -12,
        "failAt": 120,
        "advisory": false,
        "headroomPct": 110
      }
    ]
  }
}

BUDGET GATE: WARN
  PASS                         draw calls             241  warn 275  fail 440  headroom 45.2%
  PASS                         triangles           825129  warn 830000  fail 1850000  headroom 55.4%
  WARN                         chunk stall ms         8.5  warn 8  fail 16  headroom 46.9%
  PASS                         heap growth MB         -12  warn 40  fail 120  headroom 110.0%
