{
  "mode": "with 30 stub vehicles",
  "laps_completed": 0,
  "route_length_m": 2654,
  "frames_sampled": 32,
  "route_duration_s": 33.4,
  "distance_driven_m": 942,
  "draw_calls": {
    "min": 165,
    "p50": 219,
    "p95": 241,
    "max": 246
  },
  "triangles": {
    "min": 668592,
    "p50": 744673,
    "p95": 829641,
    "max": 833528
  },
  "chunks_loaded": {
    "min": 64,
    "p50": 81,
    "p95": 89,
    "max": 89
  },
  "lod_near": {
    "min": 15,
    "p50": 16,
    "p95": 18,
    "max": 18
  },
  "lod_far": {
    "min": 49,
    "p50": 66,
    "p95": 73,
    "max": 73
  },
  "chunk_loads_total": 47,
  "chunk_unloads_total": 32,
  "chunk_loads_per_s": 1.41,
  "chunk_unloads_per_s": 0.96,
  "lod_swaps_total": 59,
  "worst_chunk_build_ms": 14.7,
  "worst_chunk_total_ms": 22.2,
  "heap_mb_before": 77,
  "heap_mb_after": 73,
  "heap_growth_mb": -4,
  "speed_kmh": {
    "min": 12.5,
    "p50": 114.3,
    "p95": 136.8,
    "max": 138.5
  },
  "traffic": {
    "fleet": 30,
    "alive": 29,
    "spawns": 82,
    "despawns": 53,
    "deadEnds": 0,
    "uTurns": 0,
    "orphaned": 40,
    "maxSimultaneousOrphans": 24,
    "worstOrphanS": 1.55,
    "overlapFrames": 0,
    "frames": 748,
    "junctionWaitCarFrames": 254,
    "followBrakeCarFrames": 431,
    "stoppedCarFrames": 73,
    "entryBlockedCarFrames": 0,
    "carFrames": 22440,
    "overlapNearJunction": 0,
    "overlapSameEdge": 0,
    "overlapCrossEdge": 0,
    "overlapPairFrames": 0,
    "overlapCarFrames": 0,
    "overlapPairsNearJunction": 0,
    "overlapPairsMidBlock": 0,
    "waitEpisodes": 15,
    "waitSumS": 12.267099999999965,
    "waitMaxS": 1.800000000000001,
    "conflictDenials": 250,
    "queueDenials": 0,
    "boxDenials": 4,
    "replans": 0,
    "gridlockRecoveries": 0,
    "gridlockByReason": {
      "conflict": 0,
      "queue": 0,
      "box": 0,
      "none": 0
    },
    "maxActiveInAJunction": 2,
    "closestApproachM": 2.78,
    "overlapPctOfFrames": 0,
    "junctionWaitPctOfCarFrames": 1.1,
    "followBrakePctOfCarFrames": 1.9,
    "stoppedPctOfCarFrames": 0.3,
    "meanSpeedKmh": 33.3,
    "junctionsHeld": 28,
    "activeMovements": 28,
    "queuedCars": 0,
    "busiestJunction": 2,
    "overlapCarPctOfCarFrames": 0,
    "overlapPairsPerFrame": 0,
    "closestPairHistogram": [
      0,
      0,
      4,
      5,
      39,
      31,
      47,
      28,
      41,
      553
    ],
    "drawCalls": 1
  },
  "errors": [
    "Failed to load resource: the server responded with a status of 404 (Not Found)"
  ],
  "budget_gate": {
    "status": "WARN",
    "rows": [
      {
        "name": "draw calls",
        "value": 241,
        "warn": 275,
        "fail": 440,
        "status": "PASS",
        "advisory": false
      },
      {
        "name": "triangles",
        "value": 829641,
        "warn": 830000,
        "fail": 1850000,
        "status": "PASS",
        "advisory": false
      },
      {
        "name": "chunk stall ms",
        "value": 14.7,
        "warn": 8,
        "fail": 16,
        "status": "WARN",
        "advisory": false
      },
      {
        "name": "heap growth MB",
        "value": -4,
        "warn": 40,
        "fail": 120,
        "status": "PASS",
        "advisory": false
      }
    ],
    "advisory": [],
    "headroom": [
      {
        "name": "draw calls",
        "value": 241,
        "failAt": 440,
        "advisory": false,
        "headroomPct": 45.2
      },
      {
        "name": "triangles",
        "value": 829641,
        "failAt": 1850000,
        "advisory": false,
        "headroomPct": 55.2
      },
      {
        "name": "chunk stall ms",
        "value": 14.7,
        "failAt": 16,
        "advisory": false,
        "headroomPct": 8.1
      },
      {
        "name": "heap growth MB",
        "value": -4,
        "failAt": 120,
        "advisory": false,
        "headroomPct": 103.3
      }
    ]
  }
}

BUDGET GATE: WARN
  PASS                         draw calls             241  warn 275  fail 440  headroom 45.2%
  PASS                         triangles           829641  warn 830000  fail 1850000  headroom 55.2%
  WARN                         chunk stall ms        14.7  warn 8  fail 16  headroom 8.1%
  PASS                         heap growth MB          -4  warn 40  fail 120  headroom 103.3%
